exports[`GetPlatform 1`] = `"{\"opent2t\":{\"schema\":\"org.opent2t.sample.lamp.superpopular\",\"translator\":\"opent2t-translator-com-insteon-lightbulb\",\"controlId\":\"Mock Device\"},\"availability\":\"online\",\"pi\":\"44b0a5fb-f8a2-0160-0fae-34978b82a172\",\"mnmn\":\"Insteon\",\"mnmo\":\"Light Bulb (Generic)\",\"n\":\"Mock Device\",\"rt\":[\"org.opent2t.sample.lamp.superpopular\"],\"entities\":[{\"n\":\"Mock Device\",\"rt\":[\"opent2t.d.light\"],\"di\":\"4e8a2935-9ba7-addb-e4df-8aafa27ffd87\",\"icv\":\"core.1.1.0\",\"dmv\":\"res.1.1.0\",\"resources\":[{\"href\":\"/power\",\"rt\":[\"oic.r.switch.binary\"],\"if\":[\"oic.if.a\",\"oic.if.baseline\"]},{\"href\":\"/dim\",\"rt\":[\"oic.r.light.dimming\"],\"if\":[\"oic.if.a\",\"oic.if.baseline\"]},{\"href\":\"/dimPercentage\",\"rt\":[\"org.opent2t.r.light.dimming\"],\"if\":[\"oic.if.a\",\"oic.if.baseline\"]}]}]}"`;

exports[`GetPlatformExpanded 1`] = `"{"opent2t":{"schema":"org.opent2t.sample.lamp.superpopular","translator":"opent2t-translator-com-insteon-lightbulb","controlId":"Mock Device"},"availability":"online","pi":"44b0a5fb-f8a2-0160-0fae-34978b82a172","mnmn":"Insteon","mnmo":"Light Bulb (Generic)","n":"Mock Device","rt":["org.opent2t.sample.lamp.superpopular"],"entities":[{"n":"Mock Device","rt":["opent2t.d.light"],"di":"4e8a2935-9ba7-addb-e4df-8aafa27ffd87","icv":"core.1.1.0","dmv":"res.1.1.0","resources":[{"href":"/power","rt":["oic.r.switch.binary"],"if":["oic.if.a","oic.if.baseline"],"id":"power","value":false},{"href":"/dim","rt":["oic.r.light.dimming"],"if":["oic.if.a","oic.if.baseline"],"id":"dim","dimmingSetting":10,"range":[0,100]},{"href":"/dimPercentage","rt":["org.opent2t.r.light.dimming"],"if":["oic.if.a","oic.if.baseline"],"id":"dimPercentage","dimmingSetPercentage":10,"dimmingIncrementPercentage":0,"dimmingDecrementPercentage":0}]}]}"`;
