exports[`GetPlatform 1`] = `"{\"opent2t\":{\"schema\":\"org.opent2t.sample.binaryswitch.superpopular\",\"translator\":\"opent2t-translator-com-smartthings-binaryswitch\",\"controlId\":\"3b5e69d7-1e74-4bce-8b5d-da9ead378a56\",\"endpointUri\":\"https://sample.endpoint.com/123\"},\"availability\":\"online\",\"pi\":\"3b5e69d7-1e74-4bce-8b5d-da9ead378a56\",\"mnmn\":\"Mock Manufacturer\",\"mnmo\":\"Mock Model\",\"n\":\"Mock Name\",\"rt\":[\"org.opent2t.sample.binaryswitch.superpopular\"],\"entities\":[{\"n\":\"Mock Name\",\"icv\":\"core.1.1.0\",\"dmv\":\"res.1.1.0\",\"rt\":[\"oic.d.smartplug\"],\"di\":\"80dc960f-157a-47a1-385b-b3642a26ec2b\",\"resources\":[{\"href\":\"/power\",\"rt\":[\"oic.r.switch.binary\"],\"if\":[\"oic.if.a\",\"oic.if.baseline\"]}]}]}"`;

exports[`GetPlatformExpanded 1`] = `"{"opent2t":{"schema":"org.opent2t.sample.binaryswitch.superpopular","translator":"opent2t-translator-com-smartthings-binaryswitch","controlId":"3b5e69d7-1e74-4bce-8b5d-da9ead378a56","endpointUri":"https://sample.endpoint.com/123"},"availability":"online","pi":"3b5e69d7-1e74-4bce-8b5d-da9ead378a56","mnmn":"Mock Manufacturer","mnmo":"Mock Model","n":"Mock Name","rt":["org.opent2t.sample.binaryswitch.superpopular"],"entities":[{"n":"Mock Name","icv":"core.1.1.0","dmv":"res.1.1.0","rt":["oic.d.smartplug"],"di":"80dc960f-157a-47a1-385b-b3642a26ec2b","resources":[{"href":"/power","rt":["oic.r.switch.binary"],"if":["oic.if.a","oic.if.baseline"],"id":"power","value":true}]}]}"`;
