exports[`GetPlatform 1`] = `"{\"opent2t\":{\"schema\":\"org.opent2t.sample.binaryswitch.superpopular\",\"translator\":\"opent2t-translator-com-contosothings-binaryswitch\"},\"pi\":\"fb8e4fef-092c-486f-80d7-502a2715dfb7\",\"mnmn\":\"ContosoThings\",\"mnmo\":\"ctSwitch1\",\"n\":\"Backyard Lights\",\"rt\":[\"org.opent2t.sample.binaryswitch.superpopular\"],\"entities\":[{\"n\":\"Backyard Lights\",\"rt\":[\"oic.d.smartplug\"],\"di\":\"7fa1f96e-cd52-2574-56a4-86f97a9e7248\",\"icv\":\"core.1.1.0\",\"dmv\":\"res.1.1.0\",\"resources\":[{\"href\":\"/power\",\"rt\":[\"oic.r.switch.binary\"],\"if\":[\"oic.if.a\",\"oic.if.baseline\"]}]}]}"`;

exports[`GetPlatformExpanded 1`] = `"{"opent2t":{"schema":"org.opent2t.sample.binaryswitch.superpopular","translator":"opent2t-translator-com-contosothings-binaryswitch"},"pi":"fb8e4fef-092c-486f-80d7-502a2715dfb7","mnmn":"ContosoThings","mnmo":"ctSwitch1","n":"Backyard Lights","rt":["org.opent2t.sample.binaryswitch.superpopular"],"entities":[{"n":"Backyard Lights","rt":["oic.d.smartplug"],"di":"7fa1f96e-cd52-2574-56a4-86f97a9e7248","icv":"core.1.1.0","dmv":"res.1.1.0","resources":[{"href":"/power","rt":["oic.r.switch.binary"],"if":["oic.if.a","oic.if.baseline"],"id":"power","value":false}]}]}"`;
