exports[`GetPlatform 1`] = `"{\"opent2t\":{\"schema\":\"org.opent2t.sample.lamp.superpopular\",\"translator\":\"opent2t-translator-com-wink-lightbulb\",\"controlId\":\"F8CFB903-58BB-4753-97E0-72BD7DBC7933\"},\"pi\":\"F8CFB903-58BB-4753-97E0-72BD7DBC7933\",\"mnmn\":\"Wink\",\"mnmo\":\"Light Bulb (Generic)\",\"n\":\"Mock Name\",\"rt\":[\"org.opent2t.sample.lamp.superpopular\"],\"entities\":[{\"n\":\"Mock Name\",\"rt\":[\"opent2t.d.light\"],\"di\":\"F8CFB903-58BB-4753-97E0-72BD7DBC7933\",\"icv\":\"core.1.1.0\",\"dmv\":\"res.1.1.0\",\"resources\":[{\"href\":\"/power\",\"rt\":[\"oic.r.switch.binary\"],\"if\":[\"oic.if.a\",\"oic.if.baseline\"]},{\"href\":\"/dim\",\"rt\":[\"oic.r.light.dimming\"],\"if\":[\"oic.if.a\",\"oic.if.baseline\"]}]}]}"`;

exports[`GetPlatformExpanded 1`] = `"{"opent2t":{"schema":"org.opent2t.sample.lamp.superpopular","translator":"opent2t-translator-com-wink-lightbulb","controlId":"F8CFB903-58BB-4753-97E0-72BD7DBC7933"},"pi":"F8CFB903-58BB-4753-97E0-72BD7DBC7933","mnmn":"Wink","mnmo":"Light Bulb (Generic)","n":"Mock Name","rt":["org.opent2t.sample.lamp.superpopular"],"entities":[{"n":"Mock Name","rt":["opent2t.d.light"],"di":"F8CFB903-58BB-4753-97E0-72BD7DBC7933","icv":"core.1.1.0","dmv":"res.1.1.0","resources":[{"href":"/power","rt":["oic.r.switch.binary"],"if":["oic.if.a","oic.if.baseline"],"id":"power","value":false},{"href":"/dim","rt":["oic.r.light.dimming"],"if":["oic.if.a","oic.if.baseline"],"id":"dim","dimmingSetting":null,"range":[0,100]}]}]}"`;
