exports[`GetPlatform 1`] = `"{\"opent2t\":{\"schema\":\"org.opent2t.sample.lamp.superpopular\",\"translator\":\"opent2t-translator-com-contosothings-lightbulb\",\"controlId\":\"fb8e4fef-092c-486f-80d7-502a2715dfb7\"},\"pi\":\"fb8e4fef-092c-486f-80d7-502a2715dfb7\",\"mnmn\":\"ContosoThings\",\"mnmo\":\"ctLight1\",\"n\":\"Backyard Lights\",\"rt\":[\"org.opent2t.sample.lamp.superpopular\"],\"entities\":[{\"n\":\"Backyard Lights\",\"rt\":[\"opent2t.d.light\"],\"di\":\"F8CFB903-58BB-4753-97E0-72BD7DBC7933\",\"icv\":\"core.1.1.0\",\"dmv\":\"res.1.1.0\",\"resources\":[{\"href\":\"/power\",\"rt\":[\"oic.r.switch.binary\"],\"if\":[\"oic.if.a\",\"oic.if.baseline\"]},{\"href\":\"/dim\",\"rt\":[\"oic.r.light.dimming\"],\"if\":[\"oic.if.a\",\"oic.if.baseline\"]}]}]}"`;

exports[`GetPlatformExpanded 1`] = `"{"opent2t":{"schema":"org.opent2t.sample.lamp.superpopular","translator":"opent2t-translator-com-contosothings-lightbulb","controlId":"fb8e4fef-092c-486f-80d7-502a2715dfb7"},"pi":"fb8e4fef-092c-486f-80d7-502a2715dfb7","mnmn":"ContosoThings","mnmo":"ctLight1","n":"Backyard Lights","rt":["org.opent2t.sample.lamp.superpopular"],"entities":[{"n":"Backyard Lights","rt":["opent2t.d.light"],"di":"F8CFB903-58BB-4753-97E0-72BD7DBC7933","icv":"core.1.1.0","dmv":"res.1.1.0","resources":[{"href":"/power","rt":["oic.r.switch.binary"],"if":["oic.if.a","oic.if.baseline"],"id":"power","value":false},{"href":"/dim","rt":["oic.r.light.dimming"],"if":["oic.if.a","oic.if.baseline"],"id":"dim","dimmingSetting":0,"range":[0,100]}]}]}"`;
